(200)W
W(8)SRRSTT(11)SR(78)S(5)W(90)SW
WSS(6)GRR;TT(7)FGGG;RTGTGTG(7)TGG(5)TFFTG;(4)G;(17)G;GG;G;;GG;(7)G;;(7)G;GSS(6)WS;(10)G;(4)G;(10)G;GG;GGG;(4)G;(4)G;(5)G;G;;G;;(4)G;;GGG;GGG;(6)G;G;G;(6)GSW
WSG(6)PRR;TT(7)F(4)}R;TTGTGT(5)PTTT(4)P(4)T(5)G;(8)G;GGG;GGG;GGG;;(14)G;(10)GS(5)WSS(4)G;(6)G;(4)G;GGG;;GGG(4);(10)G;GG;(12)G;GG;;;(10)G;(7)G;GGG;GGG;SW
WSGP(4)DPRRGTT(7)FIAAIRG(6)TPTPT(5)PTT(4)P(4)T(7)G;(4)G;;;GG;(4)G;(19)G;G;(4)GSS(5)WS(4)G;(5)G;(4)G;(7)G;(9)G;G;(10)G;GG;G;GGG;GG;(5)G(4);G;(4)G;G;(12)GSW
WSGP(4)DPRRGTT(7)FAABAR(7)TPTPTP(4)TPPPTT(4)PTGG;(10)G;G;GG;;(27)G;SS(5)WSS(9)G;GG;(9)G;;G;;(4)G;G;(10)G;;(6)G;(7)G;GG;G;GGG;;(7)G;(10)GSW
WSGP(4)DPRR;TT(9)FPFR(7)TPTTTP(9)TPTTTG;(4)G;(19)G;;(4)G;(7)G;GGG;(4)GSS(5)WSS(4)G;G;(7)G;G;GGG;G;(7)G;(19)G;G;G;;G;(7)G;G;(16)G;GG;GSW
WSGP(4)DPRRGTTGGG(17)PT(11)PTPT(9)G;;;(8)G;G;(5)G;(5)G;(17)GSS(5)WSSG;(4)G;G;(4)G;GGG;(22)G;G;GG;(4)G;GG;G;;(6)G;(4)G;(5)G;(7)G(4);GGSW
WS;(6)PRR;TTGG0P8GG(4):R(6)TPTTP(9)TPTPTTTGG;(8)G;(4)G;G;(5)G;(6)G;G;(13)G(4);S(6)WS(8)G;;(9)G;G;(12)G;;(4)G;G;GG;(17)G;(9)G;(11)G;GGSW
W(4)RGPGGRRGTT;G7P4GG(4):RTTT;TTPTTPTT(4)GTFTPTPTGTGG;GGG;(15)G;G;;(4)G;GG;G;;(8)G;GGG;GSS(4)WS(5)G;(4)G;(6)G;(5)G;(5)G;GGG;G;(5)G;GG;G;(4)G;;GGG;;G;(5)G;GGG;G;GGG;(4)G;;(7)GSW
W(4)RGPGGRRGTTG;7P4(6)GRG(5)TPTTPTTGG;GTGTPTPTTT(9)G;(7)G;GGG;;GG;GG;GGG;GGG;GGG;;(4)G;(4)GSS(4)WSS(5)G;GG;(6)G;;G;G;(7)G;G;(6)G;GG;G;GGG;(6)G;(5)G;(6)G;(5)G;G;GG;(6)G;GGGSW
WS(4)GPPPRR6(4)52P1(7)58G(4)TPTTDTGGG(5)TPTTT(5)G;;G;(8)G;(12)G;;GG;(4)G;GGG;G;(5)G;SS(5)WSGG;GG;G;(8)G;(10)G;GGG;G;GGG;(10)G;(4)G;(7)G;G;(5)G;GGG;GG;G;(8)G;GSW
WSS(5)G(18)P4TTGG(4)TD(5)TPPPTPPP8(4)G;G;G;(15)G;(8)G;G;G;GG;;G;GGG;(4)GS(6)WS;(8)G;(8)G;;(4)G;GGG;(6)G;(13)G;;(17)G;GGG;;G;(13)GSW
W(7)SPRR6(12)5/P4T;(4)TGT(6)DPRPTT0P4F;;(23)G;;(4)G;(9)G;G;;(4)G;GSS(5)WSGGG;(11)G;(12)G;(7)G;(4)G;(10)G;(8)G;GG;G;GG;GGG;G(4);(9)G;SW
(7)WSPRRG;;(4)G;GGG;G7P4GTTGTGTG(6)TPPPTT7P4GG;;;GG;(4)G;G;(11)G;GG;G;(16)G;G;GS(6)WS(4)G;(9)G;G;(17)G;GG;G;(9)G;(7)G;(5)G;(16)G;(4)G;GGGSW
(7)WSPRRG(9):GGG7P4G;;G;G;(6)G(4)TGG7P4F(7)G;;(4)G;G;(4)G;(12)G;GG;G;(6)G;(4)G;S(5)WSSGG;;GGG;(6)G;(7)G;;(7)G;(5)G;GG;(5)G;;(12)G;(10)G;GG;GG;(11)GSW
W(4)SWWSPRR;(9):GFF7P4FF;G;;GG;(5)GTGTGG7P4(6)G;GG;;(5)G;GGG;GGG;;(26)GSSWWWSSGGG;(4)G;G;GG;GG;;(4)G;(8)G;G;;GGG;GGG;GGG;(11)G;G;;(10)G;(4)G;(4)G;GG;G;GGSW
W(4)SWWSPRRP(6)D:::GFF7P4FF;;(15)G7P155/(6)G;;(12)G;G;GG;(10)G;G;GG;(4)G;;;GS(5)WS;G;(4)G;GG;;(4)G;GG;;(4)G;GG;(6)G;GG;GGG;(9)G;(6)G;GG;(16)G;(9)GSW
WSPPSWWSPRRP(9):GFF7P4FFG;GG;(15)G;;7GG;G;GG;(5)G;GGG;(14)G;(5)G;(6)G;(4)GS(5)WSGG;(10)G;GG;(7)G;GGG;GGG;;(4)G;GG;GG;(18)G;G;(4)G;(7)G;GGG;(5)G;SW
WSP8SWWSPRRP(9):GFF7P4FF(11)G(11);7(6)G;GGG;(9)G;(7)G;(16)G;;GGGS(4)WSS;(10)G;GGG;;GGG;(7)G;G;(7)G;(6)G;(13)G;(4)G;(7)G;G;;(4)G;(7)G;SW
WSP4SWWSPRRP(9):GFF7P4FF(12)G(10);7G;;G;;(8)G;(10)G;G;;(4)G;;(6)G;;(7)GS(4)WSS(5)G;;;GG;G;GGG;GG;(18)G;GG;;GGG;G;;GG;(5)G;;;(5)G;;GG;GG;;;GGG;;G;(6)GSW
WSP4SWWSPRRPGG;(6)G;FF7P4FFGGG;G;(6)G(10);7(5)G;(4)G;;(13)G;(4)G;(5)G;(4)G;G;(5)GSS(4)WS(7)G;GGG;(7)G;(10)G;GG;;;G;;(7)G;GG;(6)G;GG;(7)G;(7)G;(8)G;(5)GSW
WSP4SWWSPGGP(13)WP(12)WRRR(10);7(9)G;(8)G;GG;(6)G;(4)G;(4)G;(6)G;GGGS(5)WS(4)G;(10)G;;(10)G;(13)G;G;GGG;GG;GG;GG;(8)G;GG;(15)G;(5)GSW
WSP1SWWSPGGP(13)WP(12)WG(12);7GG;;G;(5)G;(4)G;GG;(6)G;;(8)G;;(4)G;(4)G;SSWWSWWWS(7)G;(7)G;(9)G;;GG;(16)G;G;G;G;GG;G;GGG;G;GG;G;(11)G;G;(6)GSW
WS(10)PWW9(9)5/P9(8)5/WWG(12)52(13)G;;GG;G;GGG;G;(10)G;GG;GG;GG;GGSWWWSSWWWSG;;(7)G;(32)G;(5)G;;(14)G;(8)G;GG;;G;G;;G;GGSW
WS/PSWWS(4)GWW4G;GG;G;GGGP(9)G7WWGSSSGGSG'SGSS(8)G;(5)G;G;GG;(11)G;(7)G;GG;(6)GSWWWSSS(4)W(7)G;(9)G;;;(4)G;(12)G;(4)G;(6)G;(5)G;GGG;(14)G;(5)G;(6)GSW
WS7PSWW(5)RWW4G(9)D(4)PDD(4)}7WWS'''SS'S''S''GG;(4)G;;(11)G;GGG;(12)G;(5)G;GGGSSSWWWSGS(4)W;GG;(9)G;(4)G(4);(13)G;GG;(9)G;;(6)G;(7)G;(5)G;;G;(13)GSW
WS7PSWW(5)RWW4;(5)D}}}DPDDPDD]IBI7WWSS(9)'S'(4)G;(11)G;;;GGG;GGG;GG;(6)G;;G;G;G;GGG;(4)WSSGSSWWWG;;G;;GG;G;(16)G;;(8)G;;(5)G;(4)G;GGG;(4)G;;G;(8)G;GGG;(7)G;;;GGSW
WS7PSWWSG;GGWW4;(5)DIBIDPDD(6)PG7WWS(12)';GG;(5)G;(5)G;(7)G;GGG;GG;G;;GGG;G;;GG;;GGGWWWSSGGGSSS;GG;GG;(9)G;GG;(9)G;(17)G;(8)G;GG;G;;GGG;(4)G;GG;(10)G;GGSW
WS7PSWWSG;GGWW4G(6)D(4)PDDP(5)DG7WWSS(11)';(8)G;(20)G;;(11)G;GGG;WWWSG;;GGSS(7)G;(5)G;(5)G;(4)G;G;;(10)G;GGG;(5)G;G;(14)G;G;G;;GG;G;GG;GGG;G;GGGSW
WS7PSWWS(4)GWW4;(12)DP(5)DG7WWSS(11)'(6)G;(6)G;(8)G;(7)G;(5)G;GGG;(6)GSWWWS(8)G;GGG;;(4)G;;(7)G;GG;G;GG;;(4)G;(6)G;(11)G;GG;(9)G;(7)G;GGG;(6)G;G;SW
WS7PSWWS;GG;WW4G(5)D}D}D}D}P(5)D;7WWS(12)'(19)G;;GG;;(4)G;GGG;(8)G;;;GG(5)SG;;(6)G;(4)G;(4)G;;GGG;(5)G;GG;(6)G;;GGG;(6)G;(4)G;G;(4)G;(5)G;(4)G;G;GG;;GGG;(9)GSW
WS7PSWWS;GGSWW4G(5)D(7)AP(5)DG7WWSS(11)'(11)G;G;;(5)G;;;GGG;(6)G;(4)G;(10)G;S(14)G;(7)G;(7)G;G;(7)G;(9)G;;(8)G;(11)G;;GG;(6)G;G;;GGG;(5)GSW
WS7PSWW(5)SWW4G(5)D&IAIAI*P(5)DG7WWSS(7)'S'''(8)G;GG;;G;(9)G;(10)G;;GG;(4)G;GG;GGG;GG;GGG;(5)G;(5)G;;G;;(12)G;;G;(7)G;G;;(6)G;GG;(7)G;(5)G;(6)G;GGG;GGG;GG;GG;SW
WS7PS(9)W4(4)}DD(7)AP(5)DG7WWS(12)';(7)G;;(12)G;GG;GGG;(9)G;(8)G;GGG;G;;(10)G;;;(9)G;GG;;;GG;G;GG;(5)G;;G;(9)G;;G;GG;(4)G;G;(11)G;G;G;G;G;;GGSW
WS7PS(9)W4AABADD&AABAA*PDD(4)}7WWSS(11)';G;GGG;(7)G;(13)G;(11)G;G;(7)G;(10)G;(4)G;GG;(8)G;(4)G;;(8)G;GGG;(9)G;GGG;;G;(11)G;GGG;;G;(5)G;G;;;GGGSW
WS7P(8)SWW4GD(8)PDDDPDD{ABI7WWS(5)'S(6)'(5)G;;(5)G;G;(11)G;;;GGG;G;(7)G;G;;(6)G;G;G;GGG;(9)G;(7)G;;GG;(4)G;(4)G;;(10)G;;G;G;;G;(4)G;(15)G;GG;GG;(7)GSW
WS7(6)P4GSWW4G(7)DH(10)PG7WWS(12)';;(4)G;;;GGG;GG;G;(5)G;(6)G;G;GG;;;GG;(8)G;G;G;GG;(8)G;(11)G;(7)G;GG;GGG;(5)G;GG;;GG;;(8)G;(6)G;;GG;;GG;(9)G;(4)G;GSW
WSG(4)5/P4GGWW4G(8)DP(9)DG7WWSS(11)'(8)G;(5)G;(19)G;(9)G;G;(6)G;(10)G;G;G;(9)G;G;;GG;GG;(9)G;G;GG;GGG;(5)G;GG;GG;(9)G;(5)G;(10)G;GSW
WS(5):7P4GGWW4;(8)DP(9)D;7WWS(12)';;G;(20)G;(8)G;GGG;G;G;(9)G;(8)G;(5)G;(7)G;(7)G;(5)G;;G;G;(7)G;(6)G;GG;(11)G;;(11)G;;;GG;(4)G;SW
WS(5):4P4GGWW4G(8)DP(9)DG7WW(12)G;GG;;(7)G;(9)G;(4)G;GGG;GGG;(5)G;(4)G;GG;(6)G;G;GGG;(9)G;G;(4)G;(9)G;;G;(7)G;G;GG;(4)G;GG;GGG;(4)G;;G;(4)G;(6)G;(9)G;SW
WS(5):4P4GGWW4G(8)DP(9)DG7WWG;(5)G;(9)G;;G;;(4)G;(18)G;(4)G;(8)G;(4)G;(9)G;(7)G;G;GGG;GG;GGG;G;;GGG;G;G;(10)G;G;(4)G;;;G;GG;;GG;(8)G;(6)G;(4)G;GGGSW
WS(5):4P4GGWW4(9)GP(4)G;;(4)G7WW;GG;(6)G;(4)G;(12)G;G;G;;(8)G;(6)G;(11)G;GGG;GGG;G;GGG;(4)G;;;(9)G;(10)G;GG;(6)G;GG;;;(4)G;GGG;GG;(4)G;;G;G;;(4)G;(13)GSW
WS(5):4P4GGWW1(8)52P1(9)52WWGG;G;(4)G;G;GGG;(7)G;(11)G;G;;(4)G;(4)G;GGG(4);GG;(11)G;;GG;(4)G;GG;(7)G;(10)G;(4)G;GGG;(7)G;GG;GGG;(4)G;(4)G;(4)G;;(4)G;(6)G;G;(4)GSW
WS(5):4P4GG(12)WP(13)WGG;(6)G;GG;;(4)G;G;(14)G;GG;;(4)G;(4)G;GG;G;G;G;GGG;GGG;GGG;(5)G;GG;G;(4)G;;(4)G;(6)G;G;G;G;(7)G;(8)G;(8)G;GGG;GGG;GGG;G;(5)G;;G;(5)GSW
WS(5):4P155(12)WP(13)WG;G;GGG;(7)G;G;GGG;GG;GGG;(8)G;;;G;;G;GG;G;GGG;G;G;GGG;(4)G;(11)G;GG;;(4)G;(6)G;(19)G;(5)G;(8)G;GGG;GGG;GGG;;;(10)G;(5)GSW
WS(5):4(17)P7GG;GG;(8)G;;;(6)G;(4)G;(5)G;;(6)G;GGG;GGG;(4)G;G;;G;(4)G;GG;(11)G;G;(25)G;(5)G;G;(8)G;G;GGG;(5)G;GGG;GG;G;;(6)G;GG;(12)G;GSW
WS(5):1(17)52GGG;(8)G;(5)G;;G;;(4)G;GG;(4)G;(5)G;GG;;;GG;GG;G;(7)G;G;(18)G;GGG;(8)G;;GG;(11)G;GG;(4)G;(6)G;;(11)G;(4)G;(6)G;GG;GGG;G;GGG;;(4)G;SW
W(7)S;;(5)G;G;(5)G;G;(4)G;G;(4)G;(4)G;;GG;G;G;GG;(6)G;GGG;(6)G;G;(11)G;(6)G;GGG;;GG;GGG;;GGG;G;GG;G;(6)G;(6)G;(6)G;;;GGG;(7)G;;;(9)G;;(25)G;G;GGG;GSW
WS955/GS;(8)G;(8)G;(5)G;;(4)G;GGG;G;;(6)G;(10)G;(8)G;GG;G;(4)G;(4)G;(4)G;(9)G;GGG;(15)G;(16)G;;;GGG;GG;(6)G;;(6)G;GG;GGG;G;GGG;(13)G;G;G;GGGSW
WS4::7;S;;;(4)G;G;GG;(7)G;GG;GGG;G;(9)G;;;(7)G;(12)G;;GGG;(4)G;GGG;;GG;(5)G;(5)G;GGG;GGG;(7)G;(17)G;(5)G;G;(10)G;(4)G;GGG;(5)G;(6)G;(5)G;G;(8)G;GG;G;SW
WS4::7GS(5)G;(10)G;(5)G;(13)G;G;G;;GGG;(5)G;GG;(8)G;GGG;;G;(7)G;(5)G;;GG;(5)G;(6)G;;;G;(5)G;GG;(5)G;(10)G;;(9)G;GGG;(13)G;(9)G;;;G;;(5)G;(6)G;GSW
WS(4)}TSG;GGG;(4)G;;;G;GG;;GG;GGG;GG;G;(6)G;GG;(41)G;G;(17)G;(5)G;;G;GGG;GG;(5)G;GGG;GG;G(4);(13)G;(5)G;G;(7)G;(22)G;SW
WS&IB*TSGGG;;(9)G;(13)G;GGG;GG;GG;GG;GG;(13)G;(11)G;(9)G;GG;GG;(6)G;;G;GGG;(12)G;(4)G;(7)G;;;G;GGG;(5)G;GG;GG;G;;G;GG;(4)G;GG;G;(4)G;GG(4);(9)G(5);SW
WSTFDGGS;(4)G;(4)G;;(5)G;GG;;G;GGG;(6)G;(4)G;G;;GGG;GGG;G;(4)G;(12)G;G;(5)G;GGG;(5)G;(9)G;G;G;G;(11)G;;GG;G;GGG;GG;(9)G;(5)G;GGG;GG;(11)G;G;;(12)G;GGG;GGG;GSW
WSTFDDDSG;(5)G;(5)G;(7)G;(9)G;GGG;GGG;(4)G;;;GG;G;GG;(5)G;(16)G;(4)G;G;G;;GG;;(15)G;(16)G;(8)G;(8)G;(9)G;(5)G;(7)G;(6)G;(7)G;GG;GG;;GSW
WS(5)GS(6)G;;(6)G;(7)G;;(4)G;(5)G;G;G;G;(7)G;(10)G;GGG;G;(6)G;GG;(8)G;;(6)G;(4)G;;G;G;(6)G;GG;G;GG;(7)G;(9)G;GGG;;(5)G;GG;(9)G;(16)G;G;(4)G;G;;;GGSW
WSGGG;;S(15)G;;(8)G;G;GG;(17)G;(7)G;GGG;(16)G;(4)G;(5)G;GGG;GG;(4)G;(13)G;GGG;GG;GGG;(6)G;G;;(12)G;(13)G;;;GGG;(4)G;GGG;G;(6)G;;G;SW
WS;;GGGS(6)G;;G;;G;(5)G;G;(5)G;GGG;(10)G;(5)G;(9)G;;(7)G;;(11)G;(5)G;(14)G;(10)G;(22)G;G;GG;(9)G;;(5)G;GG;(25)G;(4)GSW
WS(5)GSG;(7)G;(8)G;(12)G;(7)G;(7)G;GGG;GG;(5)G;;GGG;GGG;GGG;(7)G;GG;GGG;G;(4)G;;GGG;G;GG;;G;(15)G;(5)G;;G;;(8)G;;GG;;(4)G;GG;;G;G;;(9)G;GGG;(5)G;(7)GSW
WS;(4)GS(7)G;;;GG;GGG;GG;G;(13)G;;GG;G;GGG;G;G;GGG;G;G;(6)G;(5)G;GG;;G;(5)G;GGG;(4)G;(5)G;;G;(5)G;(4)G;(10)G;(5)G;(4)G;GG;;;(4)G;G;(4)G;GG;GG;G;G;(6)G;(4)G;(4)G;;;G;;(6)G;SW
WS'(4)GSG;(13)G(19)WGGG;G;(5)G;GG;GG;(4)G;G;;GG;GG;(4)G;G(4);GG;GGG;(6)G;(4)G;;;(10)G;;(7)G;G;GG;G;;;(5)G;;(24)G;(4)G;;(5)G;;(5)G;GG;(10)GSW
WSS''GG(10)SGG;GGGW(7)G;(6)G;GGW;GG;G;G;(5)G;GGG;G;G;(19)G;(6)G;(11)G;;(5)G;G;GGG;;;(5)G;;GGG;GG;(4)G;;G;;GG;(10)G;GGG;(5)G;(9)G;;(6)G;G;(4)G;(5)G;GGSW
W(4)S'G;GG;G;G;GS;;(4)GWGGG;GG;GGG;GGG;G;WGG;(10)G;(8)G;GGG;;;GGG;;GGG;(9)G;;G;GGG;G;(13)G;GGG;;GG;(4)G;GGG;(8)G;GG;GGG;(10)G;(4)G;GG;G;(5)G;G;GG;(5)G;(4)G;(9)GSW
WWWSSSG;G;(6)GS;GGG;GWGG;(6)G;(5)G;GWG;;;(20)G;(13)G;;GGG;(4)G;GGG;GG;GGG;GG;(10)G;(4)G;GG;(8)G;(4)G;G;GGG;G;GG;(6)G;(7)G;;(7)G;;(7)G;;;(8)G;(4)G;SW
(4)WSS'GG;;G;GGGS(6)GWG9(7)5/(7)GW(11)G;;(7)G;(6)G;GGG;GGG;GG;(6)G;(13)G;;;GG;;(13)G;G;(5)G;(10)G;(10)G;GGG;G;;GG;(12)G;(5)G;(9)G;;;(5)GSW
(5)WSS(9)GS;(4)G;WG4(7)G7(5)G;GW(7)G;;GGG;GGG;GG;GG;G;(9)G;G;(4)G;;(11)G;G;GG;(6)G;G;GGG;GGG;(22)G;(5)G;G;G;;(5)G;G;GG;G;(8)G;GG;(4)G;;(4)G;GG;G;;GGGSW
(5)WSS(9)GS(6)GWG4GG;G;GG7GG;(4)GWGGG;GG;(6)G;(4)G;GG(4);(4)G;(5)G;G;GGG;(12)G;GGG;(16)G;G;;GGG;(20)G;;GG;(9)G;G;GG;(5)G;(5)G;(9)G;G;;(4)G;;GGSW
(4)WSSS;(8)GS(6)GWG4GG;(4)G7(4)G;G;W(4)G;(9)G;(4)G;GG;GG;(7)G;;GG;(7)G;GGG;(4)G;GG;G;GG;(11)G;GG;;GG;(12)G;(11)G;G;GG;(4)G;(7)G;GGG;(4)G;GG;;;(4)G;G;;(4)G;;GGGSW
WW(4)S'(9)GS(6)GWG4(4)G;;;7G;;G;GGWGG;(4)G;GGG;(9)G;(7)G;GGG;;G;GGG;(5)G;(4)G;(9)G;(25)G;(10)G;(12)G;;;G;(9)G;GGG;GGG;GG;(10)G;GGG;;GGGSW
WWSSS'G;(4)G;GGGS(4)G;GWG4G;(5)G7GGG;G;;W;(6)G;(4)G;(6)G;;GGG;(4)G;(5)G;G;(19)G;G;(14)G;(13)G;G;(7)G;GGG;GGG;G;(22)G;GG;(7)G;(6)G;GGG;GGSW
WSS'';(8)G;GS(6)GWG4(4)G;}G}GG}G}GGW;(10)G;(8)G;G;GG;;(4)G;GGG;;(8)G;(5)G;(7)G;(6)G;GG;;(9)G(6);(4)G;GGG;(4)G;;(18)G;GG;(8)G;G;G;(4)G;GGG;(11)GSW
WS9(8)58(4)GS(6)GW;4GG;;G(8)A;;W(13)G;(16)G;G;(10)G;GG;GGG;(4)G;(23)G;(18)G;;GGG;;GGG;;G;(6)G;(4)G;;GGG;GGG;(4)G;(4)G;GG;G;(8)GSW
WS4(6)TGG4G;GGS;GGG;GWG4(5)GAI(4)AIAG;W;G;(7)G;(7)G;GGG;;(5)G;(8)G;GG;GGG;(11)G;(4)G;(4)G;;GG;G;(7)G;GG;(4)G;(4)G;GG;(12)G;;;(4)G;GGG;(6)G;GG;(4)G;;;GG;(5)G;(8)GSW
WS4(4)}TTG;4(4)GSGG;GGGWG4G;GGG(8)A;;W(4)G;(11)G;GGG;GG;;(5)G;GGG;G;GG;(9)G;G;GG;(15)G;;GG;(7)G;GG;GGG;(6)G;G;(6)G;(5)G;(4)G;G;(6)G;(5)G;(6)G;(14)G;GGSW
WS4AIBITTGG4(4)GS;(4)G;WG4GG;G;(8)A;GWG(5);G;;(5)G;GG;;;(5)G;GG;(18)G;(9)G;;GGG;;GG;(6)G;;(12)G;(4)G;(5)G;;GG;GG;(9)G;(5)G;(15)G;GG;(14)G;SW
WS41FP2TTGG4GGG0P8(5)GWG1(5)5(4)ABAAA;;W(6)G;GGG;GG;GG;GGG;(6)G;G;(16)G;GG;;GG;G;(10)G;(8)G;(6)G;GG;;(5)G;G;GGG;G;;(11)G;G;G;(5)G;G;G;G(4);(5)G;(6)G;(5)G;;GGGSW
WS4FFPF(4)G4G;G7P4;G;G;WG;(7)G;GD(5)GWG;(11)G;;(11)G;(42)G;(4)G;;(13)G;G(4);GG;;GGG;(4)G;;(7)G;G;GG;(5)G;(19)G;;;(6)GSW
WS4FFPFG;GG15552P1555/G(12)WD(6)WGG;;(8)G;GG;(4)G;(9)G;(6)G;;(7)G;(18)G;(9)G;;G;;;(10)G;G;;;(7)G;(6)G;;;(6)G;G;;GGG;G;GG;(4)G;GG;;GG;GG;;G;(6)GSW
WS4GGP(7)G;G;P;GGG7GG;GG;;GGG;(9)G;;(14)G;GGG;G;(7)G;G;GGG;(5)G;;(9)G;;GG;G;(8)G;GGG;(17)G;;;(5)G;(8)G;(10)G;;(8)G;;G(6);GGG;G;(12)G;SW
WS4;GPGGG;;G;G;;PG;GG7(5)G;GGG;;;(4)G;GG;(6)G;(15)G;;;GG;(6)G;G;(13)G;GG;GG;(10)G;(5)G;(11)G;GG;GG;;GGG;GG;G;(5)G;(8)G;(21)G;;G;(5)G;G;(4)G;GSW
WS4GG(7)P;GGGP;GGG2G;(4)G;GGG;GG;G;(10)G;G;(9)G;G;G;(7)G;GGG;(7)G;G;G;;GG;GG;(6)G;(4)G;(30)G;GG;G;GG;G;G;(16)G;(12)G;(7)G;(9)GSW
WS4GG;PGG;;P(4)}(13)P;GGG;;GGG;G;(7)G;G;G;(8)G;GGG;;GG;GGG;(6)G;(5)G;;GG;(10)G;GG;;;(9)G;(5)G;G;;G;GG;(8)G;GG;;;(5)G;(5)G;;(6)G;;(14)G;G;(4)G;(8)G;GSW
WS4G(5)P;GP&IB*P(4)G0(5)5/P9(18)5/G;GG;GGG;(4)G;;(7)G;(4)G;(4)G;(4)G;G;G;GGG;GGG;(4)G;GGG;;(11)G;(8)G;(8)G;(10)G;(4)G;(7)G;GG;;GG;GGG;GGG;G;(8)G;GGG;(5)GSW
WS4GPGGGPGGPT7P4P}}GG7G;;;G;P(5)G;GG;G(9)T7GG;(4)G;(7)G;(4)G;G;(8)G;G;(4)G;GG;(9)G;G;G;;(8)G;G;G;(8)G;;GGG;(9)G;(5)G;(11)G;;;G;GGG;GGG;(20)G;(4)GSW
WS4GPGCGPGG(6)PIBGG79555/GPGG(6)}GGTTFFDFFFT7GGG;(4)G;G;G;G;(10)G;GG;(12)G;;;(10)G;(12)G;G;;;(4)G;;(4)G;G;;;G;GGG;(11)G;(8)G;GGG;GG;;G;(4)G;(7)G;(6)G;(5)GSW
WS4GPGG;PGGP(5)}GPGG7(5)}GP;G&IAAI*GGTTFFDFFFT7G;GGG;;GG;(7)G;G;GGG;GGG;G;GG;(10)G;;;GG;GG;(11)G;;(4)G;(4)G;GG;;GG;(13)G;(7)G;;(4)G;(15)G;GGG;GGG;GG;(6)G;GG;GGSW
WS4;(5)P;;P&]BI*GPGG7&IBI*GPGG&IBAI*GGTTFFDFFFT7G;(17)G;(12)G;GG;G;G;(10)G;GG;;GG;(5)G;GG;;G;GGG;;G;G;(4)G;(6)G;(4)G;GG;G;(13)G;(4)G;GG;GG;(14)G;;GGG;GGGSW
WS4(4)G;GGG(8)P;;7;F(17)PDDDFFFT7(6)G;G;;GGG;G;G;G;GG;(8)G;(11)G;G;;GG;(5)G;(8)G;;(9)G;GG;(4)G;(4)G;(16)G;(17)G;(5)G;(4)G;G;GG;;(8)GSW
WS4(14)G;GGG7GFFGGGPGGGFFF(4)GTTFFDFFFT7(11)G;(20)G;(10)G;G;(9)G;(16)G;G;(8)G;(9)G;;G;(7)G;(4)G;;(8)G;(13)G;G;(5)G;(6)G;SW
WS4G;;(5)G;GG;;;(4)G7GG;;G;PG;;;GG;GGGTTFFDFFFT7GGG;;(16)G;(13)G;G;GG;(4)G;GGG;(6)G;GG;(7)G;G;(5)G;G;(4)G;;;G;(5)G;;(4)G;;G;(5)G;GG;;G;(10)G;;(5)G;GG;(6)G;;G;GG;GSW
WS1(18)529(4)5/P;GG}}}GG;GTTFFDFFFT7(14)G;GGG;G;G;(13)G;;GGG;GG;;(5)G;G;(5)G;(12)G;GG;;(5)G;;;(7)G;(4)G;;GG;(17)G;GG;GGG;G;;GGG;G;(13)GSW
WS(4)G;G;(5)G;G;(4)G44TFFT7PGGTIBITGGGTTFFDFFFT7(5)G;(14)G;(9)G;G;(7)G;(6)G;(6)G;;(6)G;GGG;(4)G;GG;(8)G;(13)G;G;(9)G;G;GG;G;GGG;GGG;GGG;(6)G;GG;(4)G;;(4)GSW
WS(14)G;GGG;4(6)}(13)PDDDFFFT7;;(5)G;GG;(6)G;;G;(4)G;GG;(10)G;GG;GG;GGG;(18)G;(4)G;;;(11)G;(14)G;(15)G;(10)G;GG;G;;GGG;GGG;GGG;GSW
WS(18)G;4&ABAI*PGG}93/}}TPTTFFDFFFT7G;(8)G;(5)G;(4)G;GGG;(5)G;(8)G;G;(4)G;(9)G;G;GG;(17)G;GG;;G;(19)G;GG;GGG;(8)G;G;(5)G;(8)G;(4)G;(4)GSW
WSGG;(6)G;(8)G;4GFPF;GPGG&}}}&*TPTTFFDFFFT7GG;(7)G;;(8)G;G;;;G;GG;(7)G;G;(6)G;GG;;GG;G;GGG;GGG;;G;(12)G(4);(8)G;(5)G;GGG;GG;(4)G;GG;G;(6)G;(4)G;GG;(5)G;G;G;GG;;(4)G;SW
WSGGG;(11)G;GGG4GG(5)PGG&IBII*TPTTFFDFFFT7GG;GG;;GG;(19)G;GGG;;G;(7)G;(5)G;;(6)G;(5)G;(5)G;;(10)G;GGG;(7)G;(4)G;(5)G;;GGG;GGG;;;(4)G;GG;GG;GG;;(6)G;GG;GG;GG;;SW
WS;G;(9)G;G;GGG;4(5)G;G;G;G(6)P(9)T7G;GG;GGG;(12)G;GGG;G;G;(9)G;GGG;(20)G;(21)G;;(9)G;GGG;(9)G;(4)G;(8)G;;(4)G;;(16)GSW
WSG;;(4)G;;GG;(5)G;;1(26)52(6)G;(13)G;(6)G;GG;G;(9)G;GG;(5)G;(6)G;GG;;G;(13)G;(4)G;G;GGG;G;G;(11)G;(8)G;GG;GG;;(14)G;;(4)G;(6)GSW
WS;(7)G;G;GG;(4)G;(13)G;;G;(4)G;(6)G;;(6)G;GGG;(10)G;(6)G;G;(5)G;G;G;;GG;(9)G;;GG;GGG;(5)G;(15)G;G;G;(15)G;G;(10)G;(6)G;GG;(7)G;G;(4)G;GG;GSW
WSGG;;;(5)G(4);GGG;(11)G;(4)G;GG;GGG;(7)G;(4)G;GGG;(7)G;(6)G;(5)G;GGG;(6)G;(6)G;GG;(8)G;GGG;(4)G;;;(7)G;G;(18)G;G;G;(13)G;;(13)G;(7)G;(5)GSW
WS;GG;(9)G;GG;;(10)G;G;GGG;;GGG;(6)G;(17)G;;GG;;GG;(6)G;(6)G;(7)G;;;(7)G;(31)G;;(12)G;GGG;G;GGG;GG;GGG;GGG;G;G;;(19)GSW
WS;(4)G;(6)G;G;G;;;GG;GG;G;(15)G(4);(4)G(4);(6)G;;G;;;(6)G;GG;GG;(4)G;(9)G;;G;GG;(10)G;G;(7)G;(13)G;(7)G;(8)G;(8)G;GG;;G;;G;;GGG;(10)G;G;(4)G;GGGSW
WSGGG;GG;(9)G;GGG;(7)G;G;;(13)G;(4)G;(6)G;(7)G;;(5)G;GG;G;(6)G;GGG;G;(12)G;(9)G;;;GG;;G;(4)G;(4)G;GG;(7)G;;G;G;;(9)G;G;G;G;GG;GGG;GG;(16)G;;GGGSW
WS(9)G;;GGG;;(6)G;GG;;G;;;(15)G;G;GGG;G;(6)G;;(7)G;(6)G;G;(5)G;(4)G;(10)G;(7)G;GG;(11)G;G;;;G;;(4)G;(4)G;(8)G;G;GG;(5)G;(5)G;(4)G;;G;(16)G;;GGSW
WS;(4)G;(7)G;GG;GG;GG;;GGG;;G;GG;(7)G;G;G;(5)G;GGG;G;;(4)G;(6)G;;(5)G;(15)G;;;(5)G;G;;;GGG;(7)G;(6)G;;;G;;(4)G;(8)G;;GG;GG;(9)G;;(19)G;;(13)GSW
WS(12)G;G;GG;(7)G;(6)G;(6)G;(6)G;(5)G;GG;;(6)G;G;GGG;G;;(6)G;GG;;GGG;(7)G;;G;(14)G;;G;G;G;(12)G;(5)G;(4)G;GG;;(4)G;(11)G;;;GGG;GGG;(5)G;G;;(5)G;(5)GSW
WSGG;G;GGG;G;(17)G;GGG;(11)G;(5)G;G;GG;(13)G;GG;GG;(6)G;G;GG;;(8)G;(26)G;G;(20)G;(14)G;(5)G;GG;(8)G;;G;;(4)G;(5)G;SW
WS(5)G;;GGG;G;(8)G;(12)G;G;GG;(9)G;GGG;(9)G;;(18)G;G;GG;G;G;(16)G;G;(6)G;(5)G;;(4)G;G;GGG;;(7)G;(7)G;(8)G;GGG;(4)G;(5)G;GGG;GGG;(4)G;(4)G;SW
WS;GG;(9)G;GGG;(7)G;G;GG;;(7)G;;(7)G;G;(9)G;(12)G;G;(7)G;(10)G;;(14)G;;(10)G;;(4)G;GGG;G;(6)G;GG;;(5)G;(17)G;GG;(6)G;G;(6)G;;(5)G;SW
WS(13)G;;;GG;(4)G;(10)G;G;(4)G;G;G;GGG;GG;(10)G;;GG;(5)G;;(5)G;(8)G;(19)G;(12)G;GG;G;GG;GGG;GG;G;(4)G;;;GG;(8)G;(4)G;;(10)G;(4)G;GG;G;(10)GSW
WS(5)G;;GGG;(16)G;;GGG;(4)G;G;G;GG;(7)G;GGG;;(5)G;(5)G;(19)G;G;GGG;;GG;(7)G;G;GG;(13)G;;(10)G;(13)G;(7)G;G(4);(6)G;G;GGG;G;G;GG;GGG;(6)GSW
WS;;(7)G;(5)G;GG;G;(18)G;(4)G;;(5)G;G;(7)G;(9)G;(18)G;(5)G;GG;(9)G;(5)G;;G;GG;(4)G;;(7)G;;;GG;G;(6)G;(6)G;(8)G;G;GG;(12)G;(8)G;;G;SW
WS(4)G;GG;G;GG;(7)G;(4)G;;GG;(8)G;GG;(8)G;(4)G;(8)G;GG;(10)G;(4)G;(10)G;(5)G;(8)G;;(8)G;;GG;;G;GGG;GG;GGG;;GGG;G;(4)G;(11)G;(7)G;G;G;;G;GGG;(15)GSW
WSGGG;(12)G;(5)G;;(5)G;(4)G;;G;(4)G;(4)G;G;GG;(9)G;(11)G;(4)G;G;G;(7)G;(10)G;;;GG;(6)G;(5)G;(4)G;(4)G(4);GG;GG;(4)G;(8)G;GGG;(4)G;G;GGG;(4)G;GG;(8)G;G;GGG;GGG;SW
WSG;GG;G;GGG;(6)G;G;(8)G;(6)G;;(11)G;;G;(4)G;(4)G;;;GG;;(5)G;(4)G;;;(5)G;(7)G;(4)G;;G;(8)G;G;(6)G;;(8)G;(4)G;(10)G;;(6)G;(7)G;(4)G;(7)G;;G;(6)G;(9)G;SW
WS;;G;GG;GG;G;GGG;G;;(5)G;GGG;;(4)G;(10)G;(21)G;GGG;(5)G;;GGG;GG;G;(7)G;;(10)G;(8)G;(5)G;(6)G;(10)G;(7)G;G;GG;;;GG;GG;(8)G;GG;GGG;GGG;(5)G;(4)G;GGGSW
WS(6)G;(4)G;(5)G;(10)G;GG;GGG;;(5)G;G;G;(6)G;(5)G;GGG;(16)G;;(8)G;GG;GGG;(6)G;;;(4)G;GG;(5)G;G;GGG;GGG;GG;;(4)G;G;;;G;(5)G;(5)G;(11)G;(7)G;GGG;;G;GG;G;G;G;;GSW
WSGGG;G;GGG;G;(11)G;GGG;G;GGG;(37)G;GG;(5)G;GGG;G;(5)G;(4)G;(15)G;(7)G;GGG;(6)G;;GG;(7)G;GG;(4)G;(10)G;(5)G;(4)G;GGG;GG;GG;;;(9)GSW
WSGG;GG;;G;GG;(9)G;(7)G;(16)G;GG;;(15)G;;G;(15)G;G;GGG;;G;(4)G;(7)G;G;;(5)G;GG;(4)G;;(8)G;GGG;GGG;(10)G;G;G;GG;G;;G;(8)G;(17)G;GG;SW
WSGGG;(11)G;(4)G;(7)G;(9)G;(7)G;G;;(6)G;(11)G;;GG;(9)G(8);(8)G;GG;(5)G;(4)G;(5)G;;(7)G;(9)G;(9)G;(8)G;(4)G;GGG;GGG;GG;(10)G;GG;GGG;(4)G;SW
WS;(5)G;GG;(11)G;G;G;;;(10)G;(4)G;G;(13)G;GG;G;GGG;GG;(4)G;;GGG;GGG;(6)G;;G;(6)G;(21)G;GG;(19)G;;;G;G;(16)G;G;(9)G;GG;(7)G;GGSW
WSGG;GGG;GG;G;(8)G;;G;G;G;;(4)G;(4)G;;;(7)G;G;G;GGG;(9)G;(4)G;GG;;GGG;G;;(4)G;(5)G;(4)G;G;(4)G;G;G;G;G;GG;(9)G;;(13)G;G;;GG;;GGG;(11)G;;(10)G;(5)G;;;(4)G;(4)G;GSW
WSG;(11)G;G;(7)G;G;G;;(6)G;GGG;G;G;(9)G;;GG;(7)G;GG;GGG;(4)G;(11)G;GGG;(5)G;(5)G;(4)G;(5)G;GG;GG;G;G;;GG;(5)G;(4)G;(11)G;(4)G;G;(7)G;(4)G;GG;(7)G;G;;;G;G;;G;SW
WS(7)G;(4)G;(8)G;(8)G;;G(4);(6)G;;(6)G;(12)G;(25)G;(6)G;G;(8)G;GG;G;;;(10)G;G;G;GG;;(6)G;(14)G;(11)G;GG;(6)G;(17)GSW
WSG;(4)G;G;(4)G;;G;(11)G;(6)G;G;GG;;(5)G;;(10)G;G;(12)G;;GG;(10)G;(10)G;(5)G;;(14)G;GGG;(10)G;GG;GG;(6)G(6);GGG;;(8)G;(7)G;(4)G;GG;;GGG;GGG;GSW
WS;GG;GGG;(5)G;(10)G;GGG;G;;(8)G;(13)G;G;(7)G;(7)G;;;(9)G;(4)G;(4)G;GG;(5)G;G;GG;(6)G;(4)G;GG;(10)G;G;(9)G;(7)G;G;(17)G;G;(8)G;GGG;;(5)GSW
WSG;(12)G;(10)G;(12)G;GGG;GG;G;GGG;GGG;;(5)G;GG;(15)G;;(7)G;(8)G;(6)G;G;GG;(6)G;;GG;G;(6)G;(9)G;G;GGG;;;G;G;(11)G;(8)G;G;G;GG;G;(7)G;G;GGSW
WS;GG;;(10)G;G;G;GGG;(11)G;(8)G;GG;G;G;(17)G;;GGG;;(20)G;G(4);(5)G;G;G;(7)G;(4)G;(5)G;;(4)G;(6)G;(6)G;(4)G;GG;G;G;(4)G;G;;;(12)G;(4)G;;;GG;GSW
WS(6)G;G;(15)G;GG;(4)G;G;GG;;;GG;G;GG;G;GG;;(16)G;GG;(6)G;;(8)G;(8)G;GG;;;(9)G;GG;(9)G;GGG;;GGG;(10)G;;(10)G;(15)G;GGG;(6)G;GG;(4)G;GSW
WS(6)G;(5)G;G;GG;G;(11)G;(7)G;(12)G;GG;GG;(4)G;G;;(5)G;(7)G;(7)G;G;(5)G;(6)G;GGG;;G;(6)G;(30)G;(10)G;GGG;G;(7)G;;(4)G;GG;(5)G;GGG;GGGSW
WSGGG;GGG;(7)G;G;(16)G;GG;;GGG;GGG;;G;G;(6)G;(8)G;GG;GG;G;(7)G;;(10)G;(8)G;(9)G;(5)G;GG;GG;;;(8)G;G;(5)G;;(5)G;GG;(9)G;;GGG;G;GGG;G;(5)G;GGG;(4)G;GGSW
WSG;GG;GGG;;(5)G;(6)G;GGG;(4)G;G;G;(6)G;;GG;(6)G;(19)G;(6)G;;G;GG;G;;GGG;;;(10)G;(8)G;GG;G;GG;(26)G;(4)G;;;(4)G;G;;G;(18)G;G;GGG;GGGSW
WS(5)G;(12)G;GG;(6)G;(4)G;;(7)G;GGG;(19)G;;(11)G;(8)G;;(11)G;(7)G;;GGG;GGG;;(6)G;GG;(9)G;G;G;(5)G;GG;(4)G;(7)G;;(10)G;GGG;GGG;(4)G;(4)G;SW
WS(5)G;GG;G;(5)G;GGG;(5)G;GG;(6)G;(4)G;GG;GGG;;(21)G;G;(16)G;(4)G;;(6)G(4);(9)G;G;G;(5)G;(12)G;(11)G;GGG;GGG;(4)G;G;GG;(5)G;G;(5)G;GG;GG;;GGG;;SW
WSG;(11)G;(4)G;GGG;;GG;GG;G;G;(5)G;(7)G;(15)G;G;(5)G;;(4)G;(16)G;(6)G;(12)G;GG;(24)G;;(7)G;GGG;(4)G;GGG;(5)G;(6)G;(8)G;;(7)G;SW
WSG;;GGG;(10)G;GGG;GGG;;GG;(4)G;(4)G;GGG;GGG;(8)G;GG;(13)G;;;(5)G;(7)G;GGG;GG;(7)G(4);GGG;(5)G;;(6)G;(7)G;(4)G;;;G;(6)G;G;;G;GGG;(5)G;GGG;(8)G;;(11)G;;G;GGSW
WS(18)G;G;(9)G;;(10)G;G;;(11)G;GG;(13)G;(11)G;;(5)G;G;GG;GGG;(4)G;;G;GG;G;GG;GGG;;G;GG;(4)G;GG;(8)G;(4)G;G;GGG;GGG;(5)G;(4)G;GGG;(5)G;G;GGG;;;GG;;;GSW
WS(5)G;(5)G;GG;G;;;(11)G;GGG;(7)G;(7)G;GG;GG;(5)G;G;(5)G;(4)G;(7)G;GGG;GG;GGG;G;(4)G;(4)G;GG;GGG;(6)G;GG;;(12)G;GGG;(4)G;(10)G;G;(5)G;;GG;;GG;;GG;GGG;;(7)G;G;;;GSW
WSGGG;;GG;GG;G;(13)G;GG;;(4)G;(7)G;GG(4);G;G;G;(7)G;;(5)G;GG;GG;(8)G;G;(5)G;(5)G;(7)G;(6)G;G;(6)G;GGG;GG;G;;GGG;(20)G;(4)G;;(5)G;G;GG;;(17)G;GSW
WS(4)G;(7)G;GG;(15)G;(4)G;G;(5)G;GG;(11)G;GG;(8)G;GGG;GG;(15)G;(10)G;;G;GG;(14)G;GG;;(9)G;GG;(9)G;(4)G;;G;G;GG;(7)G;(5)G;GG;(8)G;GGGSW
WS;(4)G;GG;(5)G;(12)G;GG;(4)G;(5)G;GGG;;;G;(5)G;;(7)G;;(7)G;GGG;;G;(15)G;(6)G;;G;GG;(14)G;(7)G;(4)G;;;GG;GG;GG;GGG;(6)G;GGG;GG;(9)G;GG;(4)G;;(10)GSW
WSG;(4)G;(8)G;G;GG;GGG;;(4)G;G;G;(4)G;(4)G;;(21)G;G;(7)G;(7)G(4);GGG;G;(4)G;GG;;(27)G;(6)G;GGG;GG;(4)G;(20)G;G;(5)G;GGG;(7)G;G;GGSW
WS(9)G;G;GG;G;(6)G;(4)G;GG;G;(16)G;G;(5)G;(9)G;;;(4)G;G;GGG;;GGG;;(5)G;GG;GG;;(7)G;G;(6)G;G;GGG;;GG;GG;(9)G;(30)G;(4)G;G;(9)G;(5)G;GSW
WS;(22)G;GG;;(5)G;GG;G;G;GG;GGG;GGG;(8)G;(12)G;(4)G;(5)G;;;GG;(6)G;(4)G;(6)G;GG;(13)G;;GGG;;(4)G;;(4)G;(7)G;(28)G;;(4)G;(10)GSW
WS(7)G;(4)G;(4)G;(4)G;(7)G;G;(5)G;(5)G;(7)G;;GGG;GGG;;(8)G;;(4)G;G;(7)G;(5)G;(16)G;G;G;G;G;(18)G;(4)G;(7)G;;G;G;(4)G;;(7)G;(12)G;GG;GGG;(6)GSW
WSG;;G;(10)G;GG;;GG;GG;(13)G;GG;;GG;(5)G;;(5)G;;(8)G;(13)G;;GG;GGG;(10)G;(15)G;GG;;G;(10)G;;;GGG;G(4);(15)G;(8)G;(5)G;(4)G;;(6)G;G;GG;SW
WSGG;(7)G;(5)G;GG;(4)G;GGG;(5)G;GGG;;(6)G;(4)G;G;;GGG;G;GG;;;G;GG;(5)G;(5)G;;G;G;;(9)G;;GGG;G;GG;(6)G;(4)G;G;(4)G;G;GGG;(10)G;G;;GGG;GGG;G;(12)G;(8)G;(5)G;(4)G;(5)GSW
WS(16)G;(7)G;;GGG;(9)G;GG;G;G;(4)G;G;GG;(4)G;GG;G;;;(10)G;(4)G;(10)G;G(4);GGG;(9)G;G;(7)G;(12)G;G;;(6)G;(5)G;(8)G;(8)G;(6)G;(11)G;GG;GGSW
WSG;(13)G;GG;(10)G;GGG;(5)G;;;(14)G;G;G;GG;(7)G;(20)G;G;G;GGG;;(8)G;G;(11)G;(4)G;GG;(4)G;(11)G;(4)G;;G;G;;G;(13)G;;(5)G;GG;(6)G;GGSW
WSG;GGG;GGG;;(6)G;G;(4)G;GGG;;(6)G;;GGG;(4)G;;GG;(11)G;G;(9)G;(9)G;G;GGG;;(8)G;(11)G;G;;GGG;(13)G;;(5)G(4);G;;(12)G;GGG;GGG;G;;;(7)G;GG;(8)G;(4)GSW
WSGG;(14)G;(5)G;(6)G;G;;G;(5)G;G;GGG;G;G;G;GG;GG;(8)G;(6)G;;G;(5)G;GGG;GG;;GG;(6)G;(5)G;GG;GGG;GGG;(4)G;GG;(8)G;GG;GG;(6)G;;(5)G;;(4)G;G;(7)G;(5)G;;;(4)G;(5)G;(4)GSW
WSGG;(4)G;;G;GG;GG;GG;;(4)G;G;G;G;;(10)G;(10)G;(6)G;(4)G;GG;(10)G;(6)G;GGG;G(4);(11)G;;(7)G;(5)G;G;(4)G;G;G;;(19)G;(15)G;(7)G;GG;;(5)G;(6)GSW
WS(12)G;(8)G;G;GG;(12)G;G;(6)G;GGG;(5)G;GGG;;(6)G;(4)G;GGG;;G;GGG;G;GG;;(5)G;(11)G;GG;G;(11)G;(4)G;;(5)G;(5)G;(5)G;GG;(7)G;(7)G;(11)G;;G;G;;GGG;GGGSW
WS(12)G;(11)G;(9)G;(4)G;GGG;G;(7)G;;(4)G;;;GG;;G;(4)G;G;;GGG;GGG;G;GGG;GG;(11)G;(7)G;(11)G;(8)G;(5)G;(4)G;GG;(6)G;;;G;(11)G;G;(23)GSW
WS;GGG;(9)G;(5)G;GG;;G;GG;(7)G;GGG;GGG;GGG;;G;(9)G;;GG;(11)G;(7)G;GG;(5)G;(4)G;;G;(7)G;GG;(8)G;G;G;(6)G;;(6)G;(4)G;GGG;;(15)G;GG;(4)G;(8)G;;(8)G;SW
WSGG;GGG;(7)G;(7)G;;G;G;G;(6)G;GG;GG(4);GG;(9)G;(6)G;;;GGG;G;;;(6)G;GGG;(14)G;GG;;G;(14)G;GG;(10)G;;G;;(5)G;(8)G;G;;GGG;GGG;GGG;(4)G;(9)G;;G;(7)GSW
WSG;;G;(5)G;GGG;(12)G;(20)G;(5)G;;G;(11)G;(8)G;(8)G;(6)G;G;(6)G;(6)G;G;GGG;(5)G;G;(13)G;G;(8)G;(8)G;(5)G;G;;;GG;;(8)G;;(5)G;GGG;GG;SW
WS(16)G;;(7)G;;GGG;;GGG;G;(8)G;GG;GGG;G;;;(7)G;G;(7)G;(4)G;G;(11)G;GG;(4)G;GGG;(6)G;(6)G;;GG;(5)G;(6)G;;(4)G;(10)G;(5)G;(4)G;(5)G;;(9)G;;GGG;(4)G;GG;SW
WS(9)G;G;;(5)G;G;;(10)G;GG;GGG;(7)G;(14)G;;;(7)G;(5)G;(5)G;(5)G;;G;(4)G;;GGG;GGG;G;(6)G;;(4)G;(11)G;GGG;(8)G;(5)G;(7)G;(6)G;(17)G;GGG;G;;GGSW
WSG;(7)G;GG;(4)G;GGG;;G;;(10)G;(8)G;GG;(8)G;;;(8)G;G;(8)G;(10)G;(5)G;(14)G;(5)G;(4)G;(13)G;G;;(4)G;GG;(6)G;(9)G;;;G;(10)G;(4)G;(8)G;G;SW
WSG;(15)G;G;(5)G;G;(15)G;(6)G;G;G;G;;(13)G;GG;(5)G;;GG;(4)G;(4)G;(7)G;GG;;GG;GGG;(6)G;GG;(4)G;(6)G;;;(9)G;G;G;;(4)G;GGG;GGG;;GGG;G;GGG;(5)G;G;GGG;GG;;GG;SW
WSGG;G;(8)G;(10)G;(4)G;(7)G;(15)G;G;;(5)G;GGG;(12)G;G;;;(6)G;;(14)G;G;G;;GG;GG;G;;GG;(10)G;GG;GG;GGG;G;G;GGG;(5)G;G;(4)G;;(4)G;(4)G;;GG;G;(7)G;(5)GSW
WS;(4)G;GG;(11)G;GGG;G;(16)G;(7)G;(7)G;;G;;GGG;GGG;(5)G;GGG;GG;;(9)G;GG;(12)G;;(5)G;G;GGG(4);GG;G;G;;G;;(5)G;G;;GGG;G;G;(7)G;(5)G;(11)G;;(9)G;GGGSW
WS(8)G;;(7)G;GG;G;(19)G;GGG;;GGG;(4)G;(5)G;;(5)G;;GGG;;;(4)G;GG;(4)G;G;GGG;;(5)G;G;GGG;;(15)G(4);(9)G;(4)G;(11)G;(8)G;GGG;GGG;GG;GG;(7)G;;G;G;;GGGSW
WSGGG;GG;(8)G;(6)G;(7)G;;(12)G;;;G;(12)G;GG;GGG;GG;(9)G;G;(4)G;;GGG;(7)G;;G;(8)G;G;G;;(7)G;;(12)G;(6)G;(13)G;GG;(10)G;GG;G;(4)G;GG;(7)GSW
WSG;(14)G;(4)G;GG;(12)G;(9)G;(11)G;G;(7)G;;(4)G;;(13)G;(12)G;(5)G;(8)G;(4)G;(4)G;;G;G;GG;G;GGG;;(9)G;GGG;;;GG;(16)G;G;;(4)G;(8)GSW
WS;(15)G;G;;;(4)G;(6)G;(4)G;(4)G;(5)G;;;GG;GGG;(9)G;(4)G;(7)G;G;G;(6)G;(6)G;(8)G;G;(5)G;(4)G;G;(5)G;;G(4);(11)G;;(15)G;;;(7)G;GGG;G;(5)G;GG;(7)GSW
WS(4)G;G;GG;;;(6)G;G;(8)G;(4)G;(11)G;G;GGG;GG;(7)G;(5)G;(7)G;(5)G;(5)G;GG;(4)G;G;GG;GG;;(4)G;GGG;(5)G;G;(5)G;;GG;(17)G;GG;(4)G;G;GG;(5)G;(7)G;;;(15)GSW
WS(5)G;;GGG;GGG;GGG;GG;;(9)G;(13)G;G;GGG;;(7)G;(6)G(4);(7)G;GGG;;;(4)G;;G;G;G;(15)G;GG;GGG;GGG;G;G(4);GG;(5)G;(4)G;;(4)G;GG;(11)G;(16)G;(7)G;G;;GSW
WS;GG;GG;GG;(7)G;(4)G;(14)G;(11)G;(14)G;GG;(9)G;(4)G;;(5)G;;;(9)G;GG;(4)G;G;(9)G;G;(5)G;(6)G;G;(9)G;G;G;G;G;G;;;G;;G;GG;(5)G;;;(6)G;GGG;(4)G;GGGSW
WS(5)G;G;(7)G;G;(12)G;(7)G;GG;(6)G;(20)G;G;G;(16)G;(5)G;(4)G;(17)G;(7)G;GG;(6)G;(16)G;(4)G;;G;GGG;(9)G;G;(10)G;GG;GGGSW
WS(7)G;;G;(4)G;(4)G;GGG;(14)G;;(12)G;GG;;;GG;(6)G;;(8)G;G;(5)G;G;G;GGG;G;;G;(5)G;GG;(9)G;;(4)G;(22)G;G;G;GGG;;GG;G;(4)G;(6)G;GGG;GG;(5)G;G;G;(5)GSW
WS;(4)G;G;G;G;(9)G;G;GG;GGG;GGG;GG;(4)G;GG;(7)G;;G;(9)G;(5)G;G;(12)G;;GG;;G;(6)G;(9)G(5);(8)G;(5)G;;G;(9)G;;(4)G;(8)G;(10)G;(4)G;(4)G;G;(4)G;(9)GSW
WSGGG;G;GGG;(4)G;(4)G;G;G;(4)G;G;G;;GGG;;G;GG;(12)G;(4)G;(5)G;(8)G;G;(8)G;;;(5)G;(8)G;(10)G;(9)G;(10)G;;GGG;(7)G;(9)G;(10)G;(8)G;(16)GSW
WS(5)G;G;;G;(8)G;(6)G;(12)G;(26)G;GG;G;G;GG;;GG;(5)G;(34)G;G;(5)G;G;GG;G;GGG;GG;GGG;GG;(11)G;;G;G;GGG;GGG;GG;(14)G;GGSW
WS;(8)G;(10)G;GG;(4)G;GG;;;(9)G;G;(6)G;(4)G;(9)G;(4)G;(7)G;(7)G;G;GGG;;(8)G;G;GGG;(7)G;GGG;(9)G;(5)G;(21)G;(8)G;G;;(5)G;(15)G;GSW
WS(14)G;(8)G;GGG;;(14)G;G;(6)G;GG;GGG;(4)G;G;GGG;G;GG;(4)G;;;(9)G;GG;GG;;GG;(11)G;;GG;G;;GGG;G;G;(4)G;G;;(5)G;G;;G;G;(4)G;(4)G;(4)G;(5)G;G;(9)G;GGG;(4)G;;GGSW
WS(4)G;;G;(16)G;GG;G;(5)G;(8)G;(5)G;G;(7)G;(9)G;(8)G;(4)G;GG;(4)G;(12)G;GG;GG;GGG;GG;(4)G;GG;(14)G;G;(5)G;G;GG;(8)G;(10)G;GG;;(12)G;(4)GSW
WSG(4);(9)G;GG;;G;;(5)G;GG;(9)G;;G;GGG;;(8)G;(4)G;(5)G;;GG;(10)G;GGG;GGG;G;;(15)G;(19)G;GG;(4)G;G;GG;;(12)G;(6)G;(7)G;G;G;GGG;(5)G;(6)G;;GSW
WS(7)G;;GGG;(4)G;(6)G;(7)G;GGG;G;GGG;;(12)G;(4)G;G;GGG;(9)G;(5)G;(13)G;;G;(23)G;(5)G;G;;(5)G;(4)G;G;(22)G;(5)G;;(12)G;(6)GSW
WS;(11)G;(6)G;(8)G;GGG;(10)G;;GGG;GG;(6)G;(6)G;;GGG;GG;(8)G;(21)G;(8)G;GGG;;(6)G;(11)G;G;G;;;(7)G;(10)G;;GG;GGG;(6)G;G;G;(7)G;(6)GSW
WS;G;GGG;(7)G;G;(9)G;GGG;(13)G;GGG;;GGG;;(4)G;G;G;(5)G;(8)G;;(12)G;(10)G;(5)G;(12)G;GG;G;(6)G;;(5)G;;GG;;(13)G;;GG;(29)G;GSW
WS(7)G;(20)G;G;;(11)G;G;GG;;(5)G;;(7)G;GG;;GGG;;;GG;(10)G;(8)G;G;GG;;GG;(6)G;(12)G;(4)G;GG;GG;(4)G;GGG;(5)G;(4)G;G;GG;;(9)G;GG;G;GG;(5)G;GG;GGG;GSW
WS(4)G;G;GGG;GG;(4)G;G;GGG;G;G;G;GGG;(11)G;G;(7)G;(4)G;(4)G;(8)G;;(8)G;(4)G;;(5)G;GGG;GGG;;;GG;;(11)G;GG;(4)G;G;;GGG;G;(6)G;(5)G;GG;(25)G;G;GG;GG;;(4)GSW
WSGGG;(9)G;(9)G;(19)G;G;(4)G;(12)G;GG;G;G;GG;(18)G;G;GGG;;(11)G;(16)G;GG;(6)G;G;(5)G;(18)G;(15)G;;GGG;;(7)G;SW
WSGGG;(5)G;(8)G;(7)G;GG;;(5)G;;(14)G;;G;GG;GG;G;(11)G;;G;G;(5)G;GGG;(6)G;G;(4)G;(7)G;(5)G;G;(18)G;G;(11)G;G;G;GG;;(6)G;;G;G;(5)G;(8)G;GGG;GG;SW
WS(4)G;(6)G;GGG;;G;(10)G;G;;(5)G;;;GGG;G;G;GGG;(10)G;(5)G;;(7)G;;(6)G;GG;GGG;GG;G;;(9)G;G;(4)G;(14)G(4);(6)G;GGG;;G;(4)G;(11)G;(7)G;(4)G;G;(4)G;GGG;G;GGG;SW
WS(12)G;G;;;G;(4)G;(5)G;(5)G;(5)G;GG;;G;;GG;GG;(7)G;(4)G;GGG;GGG;(7)G;(4)G;(6)G;(5)G;G;GG;(7)G;;GGG;;(9)G;GGG;G;GGG;(13)G;(5)G;;G;(12)G;(4)G;(6)G;GGG;GGGSW
WS;;;(5)G;(5)G;(10)G;;(4)G;G;;;(5)G;G;GG;;GG;G;GGG;;(4)G;;(9)G;GGG;;G;(10)G;(22)G;G;G;GGG;(8)G;(6)G;(7)G;(8)G;(7)G;(5)G;GG;;(7)G;GG;(4)G;G;;;GGSW
WSGG;;GGG;GG;(4)G;(16)G;G;GG;(5)G;G;(4)G;(13)G;(16)G;;(5)G;G;(5)G;GGG;(12)G;(5)G;(9)G;(18)G;GGG;(9)G;;G;GG;GG;(5)G;(7)G;;GGG;GG;GGSW
WS;GGG;;(4)G;;GG;;(8)G;(12)G;G;;G;GG;(22)G;(6)G;GGG;(5)G;(4)G;GG;(15)G;(16)G;(5)G;;G;;;(5)G;G;GG;;(15)G;G;(20)G;G;;G;G;SW
WS(10)G;(4)G;GG;(6)G;(5)G;(18)G;G;;(4)G;;(6)G;GGG;GGG;;G;GGG;;(7)G;(9)G;;GGG;(5)G;(13)G;(12)G;(8)G;;(5)G;GGG;;;(5)G;GGG;(7)G;(6)G;;GG;;;G;GGSW
WS(4)G;G;(9)G;;;(4)G;GGG;(6)G;G;;;G;(4)G;;(10)G;(6)G;(6)G;(11)G;GG;GGG(5);(5)G;G;;(4)G;;(8)G;(4)G;GG;(6)G;GGG;G;(5)G;GGG;(11)G;GGG;(7)G;(4)G;(6)G;G;G;GGG;GGSW
WS;G;G;GG;G;G;G;GG;;G;(4)G;GG;(17)G;;;(6)G;(4)G;(4)G;(4)G;;(4)G;;GGG;;G;(4)G;GGG;G;;GG;;G;G;(4)G;;(4)G;GG;G;(5)G;GG;(14)G;G;GG;;(4)G;;GG;(9)G;GG;;GG;;GG;(4)G;(7)G;GG;SW
WS(11)G;(11)G;(14)G;(4)G;;(4)G;(8)G;GG;;;GG;(14)G;(7)G;GG;GGG;(15)G;(9)G;(4)G;(4)G;;(26)G;G;G;;GG;(17)G;G;(7)GSW
WS(14)G;G;(4)G;(11)G;(15)G;;GG;;GGG;;GG;(4)G;GG;(4)G;GG;G;GG;G;(10)G;GGG;(4)G;G;;(4)G;;;G;G;(6)G;(4)G;GG;;G;G;;GG;(4)G;(12)G;;;(8)G;GG;(11)G;GGG;;;GGSW
WSGG;(9)G;G;GGG;(16)G;;GGG;(6)G;GGG;G;GGG;G;;GGG;(7)G;;GGG;(15)G;;GG;G;(10)G;;;(8)G;GGG;GGG;;(4)G;G;GG;G;GG;(6)G;G;GG;;(10)G;(4)G;GGG;(8)G;GGG;(4)GSW
W(198)SW
(200)W
